###############################################################################
#
# IAR ELF Linker V8.40.1.212/W32 for ARM                  26/Jun/2025  19:09:27
# Copyright 2007-2019 IAR Systems AB.
#
#    Output file  =
#        D:\My_Embedded\Micontroller\hplRTOS_STM32F1\WorkSpace\project_file\Debug\Exe\hplRTOS_project.out
#    Map file     =
#        D:\My_Embedded\Micontroller\hplRTOS_STM32F1\WorkSpace\project_file\Debug\List\hplRTOS_project.map
#    Command line =
#        -f C:\Users\ADMIN\AppData\Local\Temp\EW86CA.tmp
#        (D:\My_Embedded\Micontroller\hplRTOS_STM32F1\WorkSpace\project_file\Debug\Obj\gpio.o
#        D:\My_Embedded\Micontroller\hplRTOS_STM32F1\WorkSpace\project_file\Debug\Obj\hplRTOS.o
#        D:\My_Embedded\Micontroller\hplRTOS_STM32F1\WorkSpace\project_file\Debug\Obj\mutex.o
#        D:\My_Embedded\Micontroller\hplRTOS_STM32F1\WorkSpace\project_file\Debug\Obj\mutex_test.o
#        D:\My_Embedded\Micontroller\hplRTOS_STM32F1\WorkSpace\project_file\Debug\Obj\semaphore.o
#        D:\My_Embedded\Micontroller\hplRTOS_STM32F1\WorkSpace\project_file\Debug\Obj\startup_stm32f103cx.o
#        D:\My_Embedded\Micontroller\hplRTOS_STM32F1\WorkSpace\project_file\Debug\Obj\switch.o
#        D:\My_Embedded\Micontroller\hplRTOS_STM32F1\WorkSpace\project_file\Debug\Obj\systick.o
#        --no_out_extension -o
#        D:\My_Embedded\Micontroller\hplRTOS_STM32F1\WorkSpace\project_file\Debug\Exe\hplRTOS_project.out
#        --map
#        D:\My_Embedded\Micontroller\hplRTOS_STM32F1\WorkSpace\project_file\Debug\List\hplRTOS_project.map
#        --config D:\D\App\IAR\arm\config\linker\ST\stm32f103x8.icf
#        --semihosting --entry __iar_program_start --vfe --text_out locale)
#
###############################################################################

*******************************************************************************
*** RUNTIME MODEL ATTRIBUTES
***

CppFlavor       = *
__SystemLibrary = DLib
__dlib_version  = 6


*******************************************************************************
*** HEAP SELECTION
***

The basic heap was selected because no calls to memory allocation
functions were found in the application outside of system library
functions, and there are calls to deallocation functions in the
application.


*******************************************************************************
*** PLACEMENT SUMMARY
***

"A0":  place at address 0x800'0000 { ro section .intvec };
"P1":  place in [from 0x800'0000 to 0x800'ffff] { ro };
define block CSTACK with size = 2K, alignment = 8 { };
define block HEAP with size = 2K, alignment = 8 { };
"P2":  place in [from 0x2000'0000 to 0x2000'4fff] {
          rw, block CSTACK, block HEAP };
initialize by copy { rw };

  Section            Kind         Address    Size  Object
  -------            ----         -------    ----  ------
"A0":                                        0xec
  .intvec            ro code   0x800'0000    0xec  startup_stm32f103cx.o [1]
                             - 0x800'00ec    0xec

"P1":                                       0x940
  .text              ro code   0x800'00ec   0x434  hplRTOS.o [1]
  .text              ro code   0x800'0520    0x1c  systick.o [1]
  .text              ro code   0x800'053c   0x1d0  mutex.o [1]
  .text              ro code   0x800'070c    0xa4  mutex_test.o [1]
  text               ro code   0x800'07b0    0xa0  switch.o [1]
  .text              ro code   0x800'0850    0x3a  zero_init3.o [3]
  .text              ro code   0x800'088a    0x2e  copy_init3.o [3]
  .text              ro code   0x800'08b8    0x28  data_init.o [3]
  .iar.init_table    const     0x800'08e0    0x24  - Linker created -
  .text              ro code   0x800'0904    0x1e  cmain.o [3]
  .text              ro code   0x800'0922     0x4  low_level_init.o [2]
  .text              ro code   0x800'0926     0x4  exit.o [2]
  .text              ro code   0x800'092c     0xa  cexit.o [3]
  .text              ro code   0x800'0938    0x14  exit.o [4]
  .text              ro code   0x800'094c     0xc  cstartup_M.o [3]
  .rodata            const     0x800'0958     0x8  hplRTOS.o [1]
  .text              ro code   0x800'0960     0x8  startup_stm32f103cx.o [1]
  .text              ro code   0x800'0968     0x4  startup_stm32f103cx.o [1]
  .text              ro code   0x800'096c     0x4  startup_stm32f103cx.o [1]
  .text              ro code   0x800'0970     0x4  startup_stm32f103cx.o [1]
  .text              ro code   0x800'0974     0x4  startup_stm32f103cx.o [1]
  .text              ro code   0x800'0978     0x4  startup_stm32f103cx.o [1]
  .text              ro code   0x800'097c     0x4  startup_stm32f103cx.o [1]
  .text              ro code   0x800'0980     0x4  startup_stm32f103cx.o [1]
  .text              ro code   0x800'0984     0x4  startup_stm32f103cx.o [1]
  .text              ro code   0x800'0988     0x4  startup_stm32f103cx.o [1]
  .text              ro code   0x800'098c     0x4  startup_stm32f103cx.o [1]
  .text              ro code   0x800'0990     0x4  startup_stm32f103cx.o [1]
  .text              ro code   0x800'0994     0x4  startup_stm32f103cx.o [1]
  .text              ro code   0x800'0998     0x4  startup_stm32f103cx.o [1]
  .text              ro code   0x800'099c     0x4  startup_stm32f103cx.o [1]
  .text              ro code   0x800'09a0     0x4  startup_stm32f103cx.o [1]
  .text              ro code   0x800'09a4     0x4  startup_stm32f103cx.o [1]
  .text              ro code   0x800'09a8     0x4  startup_stm32f103cx.o [1]
  .text              ro code   0x800'09ac     0x4  startup_stm32f103cx.o [1]
  .text              ro code   0x800'09b0     0x4  startup_stm32f103cx.o [1]
  .text              ro code   0x800'09b4     0x4  startup_stm32f103cx.o [1]
  .text              ro code   0x800'09b8     0x4  startup_stm32f103cx.o [1]
  .text              ro code   0x800'09bc     0x4  startup_stm32f103cx.o [1]
  .text              ro code   0x800'09c0     0x4  startup_stm32f103cx.o [1]
  .text              ro code   0x800'09c4     0x4  startup_stm32f103cx.o [1]
  .text              ro code   0x800'09c8     0x4  startup_stm32f103cx.o [1]
  .text              ro code   0x800'09cc     0x4  startup_stm32f103cx.o [1]
  .text              ro code   0x800'09d0     0x4  startup_stm32f103cx.o [1]
  .text              ro code   0x800'09d4     0x4  startup_stm32f103cx.o [1]
  .text              ro code   0x800'09d8     0x4  startup_stm32f103cx.o [1]
  .text              ro code   0x800'09dc     0x4  startup_stm32f103cx.o [1]
  .text              ro code   0x800'09e0     0x4  startup_stm32f103cx.o [1]
  .text              ro code   0x800'09e4     0x4  startup_stm32f103cx.o [1]
  .text              ro code   0x800'09e8     0x4  startup_stm32f103cx.o [1]
  .text              ro code   0x800'09ec     0x4  startup_stm32f103cx.o [1]
  .text              ro code   0x800'09f0     0x4  startup_stm32f103cx.o [1]
  .text              ro code   0x800'09f4     0x4  startup_stm32f103cx.o [1]
  .text              ro code   0x800'09f8     0x4  startup_stm32f103cx.o [1]
  .text              ro code   0x800'09fc     0x4  startup_stm32f103cx.o [1]
  .text              ro code   0x800'0a00     0x4  startup_stm32f103cx.o [1]
  .text              ro code   0x800'0a04     0x4  startup_stm32f103cx.o [1]
  .text              ro code   0x800'0a08     0x4  startup_stm32f103cx.o [1]
  .text              ro code   0x800'0a0c     0x4  startup_stm32f103cx.o [1]
  .text              ro code   0x800'0a10     0x4  startup_stm32f103cx.o [1]
  .text              ro code   0x800'0a14     0x4  startup_stm32f103cx.o [1]
  .text              ro code   0x800'0a18     0x4  startup_stm32f103cx.o [1]
  .text              ro code   0x800'0a1c     0x4  startup_stm32f103cx.o [1]
  .text              ro code   0x800'0a20     0x4  startup_stm32f103cx.o [1]
  .text              ro code   0x800'0a24     0x4  startup_stm32f103cx.o [1]
  Initializer bytes  const     0x800'0a28     0x4  <for P2-1>
  .rodata            const     0x800'0a2c     0x0  zero_init3.o [3]
  .rodata            const     0x800'0a2c     0x0  copy_init3.o [3]
                             - 0x800'0a2c   0x940

"P2", part 1 of 3:                            0x4
  P2-1                        0x2000'0000     0x1  <Init block>
    .data            inited   0x2000'0000     0x1  hplRTOS.o [1]
                            - 0x2000'0001     0x1

"P2", part 2 of 3:                         0x2238
  .bss               zero     0x2000'0004  0x2220  hplRTOS.o [1]
  .bss               zero     0x2000'2224     0xc  mutex_test.o [1]
  .bss               zero     0x2000'2230     0x4  hplRTOS.o [1]
  .bss               zero     0x2000'2234     0x4  mutex_test.o [1]
  .bss               zero     0x2000'2238     0x1  hplRTOS.o [1]
  .bss               zero     0x2000'2239     0x1  hplRTOS.o [1]
                            - 0x2000'223a  0x2236

"P2", part 3 of 3:                          0x800
  CSTACK                      0x2000'2240   0x800  <Block>
    CSTACK           uninit   0x2000'2240   0x800  <Block tail>
                            - 0x2000'2a40   0x800

Absolute sections, part 1 of 6:              0x1c
  .noinit            uninit   0x4000'4400    0x1c  mutex_test.o [1]
                            - 0x4000'441c    0x1c

Absolute sections, part 2 of 6:              0x50
  .noinit            uninit   0x4001'2400    0x50  mutex_test.o [1]
                            - 0x4001'2450    0x50

Absolute sections, part 3 of 6:              0x54
  .noinit            uninit   0x4001'2c00    0x54  mutex_test.o [1]
                            - 0x4001'2c54    0x54

Absolute sections, part 4 of 6:              0x1c
  .noinit            uninit   0x4001'3800    0x1c  mutex_test.o [1]
                            - 0x4001'381c    0x1c

Absolute sections, part 5 of 6:              0x78
  .noinit            uninit   0x4002'0000    0x78  mutex_test.o [1]
                            - 0x4002'0078    0x78

Absolute sections, part 6 of 6:              0x10
  .noinit            uninit   0xe000'e010    0x10  systick.o [1]
                            - 0xe000'e020    0x10

Unused ranges:

         From           To    Size
         ----           --    ----
   0x800'0a2c   0x800'ffff  0xf5d4
  0x2000'223c  0x2000'223f     0x4
  0x2000'2a40  0x2000'4fff  0x25c0


*******************************************************************************
*** INIT TABLE
***

          Address      Size
          -------      ----
Zero (__iar_zero_init3)
    1 destination range, total size 0x2236:
          0x2000'0004  0x2236

Copy (__iar_copy_init3)
    1 source range, total size 0x4 (400% of destination):
           0x800'0a28     0x4
    1 destination range, total size 0x1:
          0x2000'0000     0x1



*******************************************************************************
*** MODULE SUMMARY
***

    Module                 ro code  ro data  rw data  rw data
                                                       (abs)
    ------                 -------  -------  -------  -------
command line/config:
    ---------------------------------------------------------
    Total:

D:\My_Embedded\Micontroller\hplRTOS_STM32F1\WorkSpace\project_file\Debug\Obj: [1]
    hplRTOS.o                1'076        9    8'743
    mutex.o                    464
    mutex_test.o               164                16      340
    startup_stm32f103cx.o      436
    switch.o                   160
    systick.o                   28                         16
    ---------------------------------------------------------
    Total:                   2'328        9    8'759      356

dl7M_tln.a: [2]
    exit.o                       4
    low_level_init.o             4
    ---------------------------------------------------------
    Total:                       8

rt7M_tl.a: [3]
    cexit.o                     10
    cmain.o                     30
    copy_init3.o                46
    cstartup_M.o                12
    data_init.o                 40
    zero_init3.o                58
    ---------------------------------------------------------
    Total:                     196

shb_l.a: [4]
    exit.o                      20
    ---------------------------------------------------------
    Total:                      20

    Gaps                         4
    Linker created                       39    2'048
-------------------------------------------------------------
    Grand Total:             2'556       48   10'807      356


*******************************************************************************
*** ENTRY LIST
***

Entry                       Address    Size  Type      Object
-----                       -------    ----  ----      ------
.iar.init_table$$Base    0x800'08e0           --   Gb  - Linker created -
.iar.init_table$$Limit   0x800'0904           --   Gb  - Linker created -
?main                    0x800'0905          Code  Gb  cmain.o [3]
ADC1                    0x4001'2400    0x50  Data  Gb  mutex_test.o [1]
CSTACK$$Base            0x2000'2240           --   Gb  - Linker created -
CSTACK$$Limit           0x2000'2a40           --   Gb  - Linker created -
DMA1                    0x4002'0000    0x78  Data  Gb  mutex_test.o [1]
HardFault_Handler        0x800'070d     0x2  Code  Gb  mutex_test.o [1]
PendSV_Handler           0x800'07bd          Code  Gb  switch.o [1]
Region$$Table$$Base      0x800'08e0           --   Gb  - Linker created -
Region$$Table$$Limit     0x800'0904           --   Gb  - Linker created -
STK                     0xe000'e010    0x10  Data  Gb  systick.o [1]
SVC_Handler              0x800'07b1          Code  Gb  switch.o [1]
SysTick_Handler          0x800'0821          Code  Gb  switch.o [1]
SysTick_Init             0x800'0521    0x16  Code  Gb  systick.o [1]
Timer1                  0x4001'2c00    0x54  Data  Gb  mutex_test.o [1]
UART1                   0x4001'3800    0x1c  Data  Gb  mutex_test.o [1]
UART2                   0x4000'4400    0x1c  Data  Gb  mutex_test.o [1]
__cmain                  0x800'0905          Code  Gb  cmain.o [3]
__exit                   0x800'0939    0x14  Code  Gb  exit.o [4]
__iar_copy_init3         0x800'088b    0x2e  Code  Gb  copy_init3.o [3]
__iar_data_init3         0x800'08b9    0x28  Code  Gb  data_init.o [3]
__iar_program_start      0x800'094d          Code  Gb  cstartup_M.o [3]
__iar_zero_init3         0x800'0851    0x3a  Code  Gb  zero_init3.o [3]
__low_level_init         0x800'0923     0x4  Code  Gb  low_level_init.o [2]
__vector_table           0x800'0000          Data  Gb  startup_stm32f103cx.o [1]
_call_main               0x800'0911          Code  Gb  cmain.o [3]
_exit                    0x800'092d          Code  Gb  cexit.o [3]
_main                    0x800'091f          Code  Gb  cmain.o [3]
currentTask             0x2000'2239     0x1  Data  Gb  hplRTOS.o [1]
exit                     0x800'0927     0x4  Code  Gb  exit.o [2]
getHighestWaitingTasksPriority
                         0x800'06b9    0x46  Code  Gb  mutex.o [1]
getNextTask              0x800'0389    0xc4  Code  Gb  hplRTOS.o [1]
idleTask                 0x800'00ed     0x2  Code  Gb  hplRTOS.o [1]
initTaskStack            0x800'025b    0xaa  Code  Gb  hplRTOS.o [1]
lastRunTask             0x2000'0000     0x1  Data  Lc  hplRTOS.o [1]
main                     0x800'0771    0x26  Code  Gb  mutex_test.o [1]
mutex                   0x2000'2224     0xc  Data  Gb  mutex_test.o [1]
mutexInheritPriority     0x800'0685    0x1e  Code  Gb  mutex.o [1]
mutexInit                0x800'053d    0x22  Code  Gb  mutex.o [1]
mutexLock                0x800'0561    0x62  Code  Gb  mutex.o [1]
mutexRestorePriority     0x800'06a3    0x16  Code  Gb  mutex.o [1]
mutexUnlock              0x800'05c5    0xc0  Code  Gb  mutex.o [1]
resource                0x2000'2234     0x4  Data  Gb  mutex_test.o [1]
rtosInit                 0x800'0149    0x60  Code  Gb  hplRTOS.o [1]
rtosInitSafe             0x800'00ef    0x5a  Code  Gb  hplRTOS.o [1]
systemTick              0x2000'2230     0x4  Data  Gb  hplRTOS.o [1]
task                    0x2000'0004  0x2220  Data  Gb  hplRTOS.o [1]
task0                    0x800'0711    0x30  Code  Gb  mutex_test.o [1]
task1                    0x800'0741    0x30  Code  Gb  mutex_test.o [1]
taskCreate               0x800'0251     0xa  Code  Gb  hplRTOS.o [1]
taskCreateWithPriority   0x800'01a9    0xa8  Code  Gb  hplRTOS.o [1]
taskDelayHandler         0x800'044d    0x44  Code  Gb  hplRTOS.o [1]
taskStartScheduler       0x800'0305    0x84  Code  Gb  hplRTOS.o [1]
totalTask               0x2000'2238     0x1  Data  Gb  hplRTOS.o [1]
updateDelayedTasks       0x800'0491    0x68  Code  Gb  hplRTOS.o [1]


[1] = D:\My_Embedded\Micontroller\hplRTOS_STM32F1\WorkSpace\project_file\Debug\Obj
[2] = dl7M_tln.a
[3] = rt7M_tl.a
[4] = shb_l.a

   2'556 bytes of readonly  code memory
      48 bytes of readonly  data memory
  10'807 bytes of readwrite data memory (+ 356 absolute)

Errors: none
Warnings: none
